['block', 'air', 'block', 'air', 'air', 'air', 'block', 'air', 'air', 'air', 'air', 'air', 'air', 'block', 'block', 'air', 'air', 'air', 'air', 'block', 'air', 'air', 'air', 'air', 'air', 'air', 'air', 'air', 'air', 'air', 'air', 'air', 'block', 'air', 'air', 'air', 'air', 'air', 'air', 'air', 'air', 'block', 'air', 'block', 'air', 'block'],
['block', 'air', 'block', 'air', 'air', 'air', 'air', 'air', 'air', 'air', 'air', 'air', 'air', 'air', 'air', 'air', 'air', 'air', 'air', 'air', 'air', 'air', 'air', 'air', 'block', 'block', 'air', 'air', 'air', 'block', 'air', 'air', 'air', 'air', 'block', 'block', 'air', 'block', 'block', 'air', 'air', 'air', 'air', 'block', 'air', 'block'],
['block', 'air', 'block', 'air', 'air', 'air', 'air', 'air', 'block', 'air', 'air', 'air', 'air', 'air', 'air', 'air', 'air', 'air', 'air', 'air', 'air', 'air', 'air', 'air', 'block', 'air', 'air', 'air', 'block', 'air', 'air', 'air', 'air', 'air', 'block', 'air', 'air', 'block', 'air', 'air', 'air', 'air', 'air', 'block', 'air', 'block'],
['block', 'air', 'block', 'air', 'block', 'air', 'air', 'block', 'air', 'block', 'air', 'air', 'air', 'block', 'block', 'air', 'air', 'air', 'block', 'air', 'air', 'air', 'air', 'air', 'air', 'air', 'air', 'block', 'air', 'air', 'air', 'air', 'air', 'air', 'air', 'air', 'block', 'air', 'air', 'block', 'air', 'air', 'block', 'block', 'air', 'block'],
['block', 'air', 'block', 'block', 'air', 'air', 'air', 'air', 'air', 'block', 'air', 'air', 'block', 'air', 'air', 'air', 'block', 'air', 'air', 'air', 'air', 'air', 'air', 'air', 'air', 'air', 'air', 'air', 'air', 'block', 'air', 'air', 'air', 'air', 'air', 'air', 'air', 'air', 'air', 'block', 'air', 'air', 'air', 'block', 'air', 'block'],
['block', 'air', 'block', 'air', 'air', 'block', 'air', 'block', 'air', 'air', 'air', 'air', 'air', 'air', 'air', 'air', 'air', 'air', 'air', 'block', 'block', 'air', 'air', 'air', 'air', 'air', 'air', 'air', 'block', 'air', 'air', 'block', 'air', 'air', 'air', 'air', 'air', 'air', 'air', 'air', 'air', 'air', 'air', 'block', 'air', 'block'],
['block', 'air', 'block', 'air', 'air', 'block', 'air', 'air', 'air', 'block', 'air', 'air', 'air', 'air', 'air', 'air', 'block', 'air', 'air', 'air', 'air', 'block', 'air', 'air', 'air', 'air', 'air', 'air', 'air', 'air', 'air', 'air', 'air', 'air', 'air', 'air', 'air', 'block', 'air', 'block', 'block', 'air', 'air', 'block', 'air', 'block'],
['block', 'air', 'block', 'air', 'air', 'air', 'air', 'block', 'air', 'air', 'block', 'air', 'block', 'air', 'air', 'air', 'air', 'air', 'air', 'air', 'air', 'air', 'air', 'air', 'air', 'air', 'air', 'block', 'block', 'air', 'air', 'air', 'air', 'block', 'block', 'air', 'air', 'air', 'air', 'air', 'air', 'air', 'air', 'block', 'air', 'block'],
['block', 'air', 'block', 'air', 'air', 'air', 'air', 'air', 'block', 'air', 'air', 'air', 'block', 'air', 'air', 'block', 'air', 'air', 'air', 'air', 'air', 'air', 'air', 'air', 'block', 'block', 'air', 'air', 'air', 'air', 'block', 'air', 'air', 'air', 'air', 'air', 'air', 'air', 'air', 'air', 'air', 'air', 'air', 'block', 'air', 'block'],
['block', 'air', 'block', 'block', 'block', 'air', 'air', 'air', 'air', 'air', 'air', 'air', 'air', 'air', 'block', 'block', 'air', 'air', 'air', 'air', 'air', 'air', 'air', 'air', 'block', 'air', 'air', 'air', 'block', 'air', 'air', 'air', 'air', 'air', 'air', 'air', 'air', 'air', 'block', 'air', 'air', 'air', 'air', 'block', 'air', 'block'],
['block', 'air', 'block', 'air', 'block', 'air', 'air', 'air', 'block', 'air', 'block', 'air', 'air', 'air', 'air', 'air', 'block', 'air', 'air', 'air', 'air', 'air', 'air', 'air', 'air', 'block', 'air', 'block', 'air', 'air', 'air', 'air', 'air', 'air', 'block', 'air', 'block', 'air', 'air', 'block', 'block', 'block', 'air', 'block', 'air', 'block'],
['block', 'air', 'block', 'air', 'block', 'air', 'air', 'block', 'block', 'block', 'air', 'block', 'air', 'air', 'block', 'air', 'air', 'air', 'air', 'air', 'air', 'air', 'air', 'air', 'air', 'air', 'air', 'air', 'air', 'block', 'air', 'block', 'air', 'block', 'air', 'block', 'block', 'air', 'air', 'air', 'air', 'air', 'air', 'block', 'air', 'block'],
['block', 'air', 'block', 'air', 'air', 'block', 'air', 'air', 'air', 'block', 'air', 'air', 'air', 'air', 'block', 'air', 'air', 'air', 'air', 'air', 'air', 'block', 'block', 'air', 'block', 'air', 'air', 'block', 'air', 'air', 'air', 'air', 'air', 'air', 'block', 'block', 'air', 'air', 'air', 'block', 'air', 'air', 'air', 'block', 'air', 'block'],
['block', 'air', 'block', 'block', 'air', 'air', 'air', 'block', 'air', 'air', 'block', 'air', 'air', 'air', 'block', 'air', 'air', 'air', 'air', 'air', 'air', 'air', 'block', 'block', 'air', 'air', 'air', 'block', 'block', 'air', 'air', 'block', 'air', 'air', 'block', 'air', 'block', 'air', 'air', 'air', 'air', 'air', 'air', 'block', 'air', 'block'],
['block', 'air', 'block', 'air', 'air', 'air', 'air', 'air', 'air', 'air', 'air', 'air', 'air', 'block', 'air', 'air', 'air', 'air', 'block', 'air', 'air', 'air', 'block', 'air', 'air', 'air', 'air', 'air', 'air', 'air', 'air', 'air', 'air', 'air', 'air', 'air', 'block', 'air', 'air', 'block', 'air', 'air', 'air', 'block', 'air', 'block'],
['block', 'air', 'block', 'air', 'air', 'air', 'block', 'air', 'block', 'air', 'block', 'air', 'air', 'block', 'air', 'block', 'air', 'air', 'air', 'air', 'air', 'air', 'air', 'air', 'air', 'air', 'block', 'air', 'air', 'air', 'block', 'air', 'air', 'block', 'block', 'air', 'air', 'air', 'air', 'air', 'air', 'air', 'air', 'block', 'air', 'block'],
['block', 'air', 'block', 'air', 'air', 'block', 'air', 'block', 'air', 'air', 'block', 'air', 'air', 'air', 'block', 'air', 'air', 'block', 'air', 'block', 'block', 'air', 'air', 'block', 'block', 'air', 'air', 'air', 'block', 'air', 'air', 'block', 'air', 'air', 'block', 'air', 'air', 'air', 'air', 'block', 'air', 'air', 'air', 'block', 'air', 'block'],
['block', 'air', 'block', 'air', 'air', 'air', 'air', 'air', 'air', 'air', 'block', 'air', 'air', 'air', 'air', 'block', 'air', 'air', 'air', 'air', 'air', 'air', 'air', 'block', 'air', 'air', 'air', 'block', 'air', 'air', 'block', 'air', 'air', 'air', 'air', 'air', 'air', 'air', 'air', 'block', 'air', 'air', 'block', 'block', 'air', 'block'],
['block', 'air', 'block', 'air', 'air', 'air', 'air', 'air', 'air', 'air', 'air', 'block', 'block', 'block', 'air', 'air', 'air', 'air', 'air', 'air', 'air', 'air', 'air', 'air', 'block', 'block', 'air', 'air', 'air', 'air', 'air', 'air', 'block', 'air', 'air', 'block', 'block', 'block', 'air', 'air', 'block', 'air', 'air', 'block', 'air', 'block'],
['block', 'air', 'block', 'air', 'air', 'air', 'air', 'block', 'air', 'air', 'air', 'air', 'air', 'block', 'air', 'block', 'block', 'air', 'air', 'air', 'air', 'air', 'air', 'air', 'air', 'air', 'air', 'air', 'air', 'air', 'block', 'air', 'air', 'air', 'air', 'air', 'block', 'air', 'air', 'block', 'block', 'air', 'air', 'block', 'air', 'block'],
['block', 'air', 'block', 'air', 'air', 'air', 'air', 'air', 'air', 'air', 'air', 'air', 'block', 'air', 'trap', 'air', 'air', 'block', 'air', 'air', 'block', 'air', 'block', 'air', 'air', 'air', 'air', 'air', 'air', 'block', 'air', 'air', 'air', 'air', 'block', 'air', 'air', 'block', 'block', 'air', 'air', 'air', 'air', 'block', 'air', 'block'],
['block', 'air', 'block', 'air', 'air', 'block', 'air', 'air', 'air', 'air', 'air', 'air', 'block', 'air', 'air', 'block', 'block', 'air', 'air', 'air', 'air', 'air', 'air', 'air', 'air', 'block', 'air', 'air', 'air', 'air', 'air', 'air', 'air', 'block', 'air', 'block', 'air', 'air', 'block', 'air', 'air', 'air', 'air', 'block', 'air', 'block'],
['block', 'air', 'block', 'block', 'block', 'air', 'air', 'air', 'block', 'air', 'air', 'air', 'block', 'air', 'air', 'air', 'block', 'air', 'air', 'air', 'trap', 'air', 'air', 'air', 'air', 'air', 'air', 'air', 'air', 'air', 'air', 'air', 'air', 'air', 'air', 'air', 'trap', 'air', 'air', 'air', 'air', 'air', 'air', 'block', 'air', 'block'],
['block', 'air', 'block', 'air', 'air', 'air', 'air', 'air', 'block', 'air', 'air', 'air', 'block', 'block', 'air', 'trap', 'air', 'air', 'air', 'air', 'air', 'block', 'air', 'air', 'air', 'block', 'air', 'air', 'air', 'air', 'air', 'air', 'air', 'air', 'air', 'air', 'air', 'air', 'block', 'air', 'block', 'air', 'air', 'block', 'air', 'block'],
['block', 'air', 'block', 'block', 'trap', 'air', 'air', 'air', 'air', 'air', 'air', 'air', 'air', 'air', 'air', 'air', 'air', 'air', 'air', 'block', 'air', 'block', 'air', 'air', 'block', 'air', 'air', 'air', 'air', 'air', 'air', 'air', 'air', 'air', 'trap', 'air', 'air', 'air', 'air', 'air', 'air', 'air', 'air', 'block', 'air', 'block'],
['block', 'air', 'block', 'block', 'block', 'air', 'air', 'air', 'air', 'air', 'air', 'air', 'air', 'air', 'air', 'air', 'air', 'air', 'air', 'air', 'air', 'air', 'air', 'trap', 'air', 'air', 'air', 'block', 'air', 'air', 'air', 'air', 'air', 'air', 'block', 'air', 'air', 'air', 'air', 'air', 'air', 'air', 'air', 'block', 'air', 'block'],
['block', 'air', 'block', 'block', 'air', 'air', 'air', 'air', 'air', 'block', 'air', 'air', 'block', 'air', 'air', 'air', 'air', 'air', 'block', 'trap', 'air', 'air', 'air', 'air', 'air', 'air', 'air', 'block', 'air', 'air', 'air', 'air', 'air', 'air', 'air', 'air', 'air', 'air', 'air', 'air', 'air', 'air', 'block', 'block', 'air', 'block'],
['block', 'air', 'block', 'block', 'block', 'air', 'block', 'air', 'air', 'air', 'air', 'air', 'air', 'air', 'air', 'air', 'air', 'block', 'air', 'air', 'block', 'air', 'air', 'air', 'air', 'block', 'air', 'block', 'air', 'air', 'air', 'block', 'air', 'air', 'air', 'air', 'block', 'air', 'air', 'air', 'air', 'air', 'air', 'block', 'air', 'block'],
['block', 'air', 'block', 'air', 'air', 'air', 'air', 'air', 'air', 'block', 'air', 'air', 'air', 'air', 'block', 'air', 'air', 'air', 'air', 'air', 'air', 'block', 'air', 'air', 'air', 'air', 'air', 'air', 'air', 'air', 'air', 'air', 'air', 'block', 'air', 'air', 'air', 'air', 'air', 'block', 'block', 'air', 'trap', 'block', 'air', 'block'],
['block', 'air', 'block', 'block', 'air', 'air', 'air', 'air', 'air', 'air', 'air', 'air', 'block', 'air', 'air', 'air', 'air', 'air', 'air', 'air', 'air', 'air', 'air', 'air', 'air', 'air', 'air', 'air', 'air', 'air', 'air', 'air', 'air', 'block', 'block', 'air', 'air', 'block', 'trap', 'block', 'air', 'air', 'block', 'block', 'air', 'block'],
['block', 'air', 'block', 'air', 'air', 'air', 'air', 'air', 'air', 'air', 'block', 'block', 'air', 'air', 'air', 'air', 'air', 'block', 'air', 'air', 'air', 'air', 'air', 'air', 'air', 'air', 'air', 'air', 'block', 'air', 'block', 'air', 'air', 'air', 'air', 'air', 'air', 'air', 'air', 'block', 'air', 'air', 'air', 'block', 'air', 'block'],
['block', 'air', 'block', 'air', 'air', 'air', 'air', 'air', 'air', 'air', 'block', 'air', 'air', 'air', 'air', 'trap', 'air', 'air', 'block', 'trap', 'block', 'air', 'air', 'air', 'air', 'block', 'air', 'air', 'air', 'air', 'air', 'block', 'air', 'air', 'air', 'air', 'air', 'air', 'air', 'air', 'air', 'block', 'air', 'block', 'air', 'block'],
['block', 'air', 'block', 'air', 'air', 'air', 'air', 'air', 'air', 'air', 'air', 'block', 'air', 'air', 'air', 'air', 'air', 'air', 'air', 'air', 'air', 'block', 'air', 'block', 'air', 'air', 'air', 'air', 'air', 'air', 'block', 'block', 'air', 'block', 'block', 'air', 'air', 'air', 'air', 'air', 'air', 'air', 'air', 'block', 'air', 'block'],
['block', 'air', 'block', 'air', 'air', 'trap', 'air', 'air', 'air', 'air', 'air', 'air', 'air', 'air', 'air', 'air', 'air', 'air', 'air', 'air', 'air', 'block', 'air', 'air', 'air', 'air', 'air', 'air', 'air', 'air', 'air', 'air', 'air', 'air', 'air', 'air', 'air', 'air', 'air', 'air', 'air', 'air', 'air', 'block', 'air', 'block'],
['block', 'air', 'block', 'air', 'air', 'air', 'air', 'air', 'air', 'air', 'air', 'air', 'air', 'air', 'block', 'air', 'air', 'air', 'air', 'block', 'block', 'air', 'air', 'air', 'block', 'air', 'block', 'air', 'block', 'air', 'air', 'block', 'air', 'air', 'air', 'air', 'air', 'air', 'air', 'air', 'air', 'air', 'block', 'block', 'air', 'block'],
['block', 'air', 'block', 'air', 'air', 'air', 'air', 'air', 'air', 'air', 'trap', 'air', 'air', 'air', 'air', 'air', 'air', 'block', 'air', 'block', 'air', 'air', 'air', 'block', 'air', 'air', 'air', 'air', 'air', 'air', 'air', 'block', 'air', 'air', 'air', 'block', 'air', 'air', 'trap', 'air', 'air', 'air', 'block', 'block', 'air', 'block'],
['block', 'air', 'block', 'air', 'air', 'trap', 'block', 'air', 'air', 'air', 'air', 'air', 'air', 'air', 'block', 'air', 'block', 'block', 'air', 'air', 'block', 'air', 'air', 'air', 'air', 'air', 'air', 'air', 'air', 'air', 'air', 'air', 'air', 'block', 'air', 'air', 'air', 'air', 'trap', 'air', 'trap', 'air', 'trap', 'block', 'air', 'block'],
['block', 'air', 'block', 'block', 'air', 'air', 'air', 'air', 'air', 'block', 'air', 'air', 'block', 'air', 'air', 'air', 'air', 'trap', 'air', 'air', 'air', 'air', 'air', 'air', 'air', 'air', 'air', 'air', 'air', 'air', 'air', 'air', 'air', 'air', 'air', 'air', 'air', 'air', 'air', 'air', 'air', 'air', 'air', 'block', 'air', 'block'],
['block', 'air', 'block', 'block', 'air', 'air', 'air', 'air', 'air', 'air', 'air', 'air', 'block', 'air', 'air', 'air', 'air', 'air', 'air', 'air', 'air', 'block', 'trap', 'air', 'block', 'air', 'air', 'air', 'air', 'block', 'block', 'air', 'air', 'air', 'air', 'air', 'air', 'block', 'air', 'air', 'air', 'air', 'block', 'block', 'air', 'block'],
['block', 'air', 'block', 'air', 'air', 'air', 'air', 'air', 'block', 'air', 'air', 'block', 'air', 'air', 'air', 'air', 'air', 'air', 'air', 'air', 'air', 'air', 'air', 'block', 'air', 'air', 'block', 'air', 'air', 'air', 'block', 'air', 'air', 'air', 'air', 'air', 'air', 'air', 'air', 'air', 'air', 'air', 'block', 'block', 'air', 'block'],
['block', 'air', 'block', 'air', 'air', 'air', 'block', 'air', 'air', 'air', 'air', 'air', 'air', 'air', 'air', 'air', 'air', 'air', 'air', 'air', 'air', 'block', 'air', 'air', 'air', 'block', 'block', 'air', 'air', 'air', 'block', 'air', 'air', 'air', 'block', 'air', 'air', 'air', 'air', 'air', 'air', 'block', 'air', 'block', 'air', 'block'],
['block', 'air', 'block', 'air', 'air', 'air', 'air', 'air', 'air', 'air', 'block', 'air', 'air', 'air', 'air', 'air', 'air', 'air', 'air', 'air', 'block', 'air', 'air', 'air', 'air', 'air', 'air', 'air', 'air', 'air', 'air', 'air', 'air', 'air', 'air', 'air', 'air', 'air', 'air', 'air', 'air', 'air', 'air', 'block', 'air', 'block'],
['block', 'air', 'block', 'air', 'air', 'air', 'air', 'air', 'air', 'air', 'block', 'air', 'air', 'air', 'air', 'air', 'block', 'air', 'air', 'air', 'air', 'air', 'air', 'air', 'air', 'air', 'air', 'air', 'air', 'air', 'air', 'air', 'air', 'air', 'air', 'block', 'air', 'air', 'air', 'air', 'air', 'air', 'air', 'block', 'air', 'block'],
['block', 'air', 'block', 'air', 'air', 'air', 'air', 'air', 'air', 'air', 'air', 'air', 'air', 'air', 'air', 'air', 'block', 'block', 'air', 'air', 'air', 'air', 'air', 'air', 'air', 'air', 'air', 'air', 'block', 'air', 'air', 'air', 'air', 'air', 'air', 'air', 'air', 'air', 'air', 'air', 'air', 'air', 'air', 'block', 'air', 'block'],
['block', 'air', 'block', 'air', 'air', 'air', 'air', 'air', 'air', 'block', 'air', 'block', 'block', 'air', 'block', 'air', 'air', 'air', 'air', 'air', 'air', 'air', 'air', 'block', 'air', 'air', 'air', 'air', 'air', 'air', 'air', 'air', 'air', 'air', 'air', 'air', 'air', 'air', 'air', 'air', 'air', 'air', 'air', 'block', 'air', 'block'],
['block', 'air', 'block', 'block', 'block', 'air', 'air', 'air', 'air', 'air', 'block', 'air', 'block', 'air', 'air', 'block', 'air', 'air', 'air', 'air', 'air', 'block', 'air', 'air', 'air', 'air', 'air', 'air', 'air', 'air', 'air', 'air', 'air', 'air', 'air', 'air', 'block', 'block', 'block', 'air', 'air', 'air', 'air', 'block', 'air', 'block'],
['block', 'air', 'block', 'air', 'air', 'air', 'air', 'air', 'air', 'air', 'air', 'air', 'block', 'air', 'air', 'block', 'block', 'air', 'air', 'air', 'block', 'air', 'air', 'air', 'air', 'air', 'block', 'air', 'air', 'air', 'air', 'block', 'air', 'block', 'air', 'air', 'air', 'air', 'air', 'air', 'air', 'air', 'block', 'block', 'air', 'block'],
['block', 'air', 'block', 'block', 'air', 'air', 'air', 'air', 'air', 'air', 'air', 'air', 'air', 'air', 'air', 'air', 'air', 'air', 'air', 'air', 'block', 'air', 'air', 'air', 'air', 'air', 'air', 'air', 'air', 'air', 'block', 'air', 'block', 'air', 'air', 'block', 'air', 'air', 'air', 'air', 'air', 'air', 'air', 'block', 'air', 'block'],
['block', 'air', 'block', 'air', 'air', 'air', 'air', 'air', 'block', 'air', 'air', 'block', 'air', 'air', 'block', 'air', 'air', 'air', 'air', 'air', 'air', 'air', 'air', 'air', 'air', 'air', 'air', 'air', 'air', 'air', 'air', 'air', 'air', 'air', 'air', 'block', 'air', 'air', 'air', 'air', 'air', 'air', 'air', 'block', 'air', 'block'],
['block', 'air', 'block', 'air', 'air', 'air', 'air', 'air', 'air', 'air', 'air', 'air', 'air', 'block', 'air', 'air', 'air', 'air', 'air', 'air', 'block', 'air', 'air', 'air', 'block', 'air', 'air', 'block', 'air', 'air', 'air', 'air', 'air', 'air', 'block', 'air', 'air', 'air', 'air', 'air', 'air', 'air', 'air', 'block', 'air', 'block'],
['block', 'air', 'block', 'air', 'air', 'block', 'air', 'air', 'air', 'air', 'air', 'block', 'air', 'air', 'air', 'block', 'air', 'air', 'air', 'air', 'air', 'air', 'block', 'air', 'air', 'air', 'air', 'air', 'air', 'air', 'block', 'air', 'air', 'air', 'air', 'air', 'block', 'air', 'air', 'air', 'air', 'block', 'air', 'block', 'air', 'block'],
['block', 'air', 'block', 'air', 'air', 'block', 'air', 'air', 'air', 'air', 'air', 'air', 'block', 'block', 'air', 'air', 'air', 'air', 'air', 'air', 'air', 'air', 'air', 'air', 'air', 'air', 'air', 'air', 'block', 'air', 'air', 'air', 'air', 'air', 'air', 'air', 'air', 'block', 'air', 'air', 'air', 'air', 'air', 'block', 'air', 'block'],
['block', 'air', 'block', 'air', 'air', 'air', 'air', 'air', 'block', 'block', 'block', 'air', 'air', 'air', 'air', 'air', 'air', 'air', 'air', 'air', 'air', 'air', 'air', 'air', 'block', 'air', 'air', 'air', 'block', 'air', 'air', 'air', 'air', 'block', 'air', 'air', 'air', 'air', 'air', 'air', 'air', 'block', 'air', 'block', 'air', 'block'],
['block', 'air', 'block', 'air', 'air', 'block', 'air', 'air', 'air', 'air', 'air', 'air', 'air', 'air', 'air', 'air', 'air', 'air', 'air', 'air', 'air', 'air', 'block', 'air', 'air', 'block', 'block', 'air', 'air', 'air', 'air', 'air', 'air', 'air', 'air', 'block', 'air', 'air', 'air', 'air', 'block', 'air', 'air', 'block', 'air', 'block'],
['block', 'air', 'block', 'air', 'block', 'air', 'air', 'air', 'air', 'air', 'air', 'air', 'air', 'air', 'air', 'block', 'air', 'air', 'air', 'air', 'air', 'block', 'air', 'air', 'air', 'air', 'block', 'block', 'air', 'air', 'air', 'block', 'air', 'air', 'air', 'air', 'air', 'block', 'air', 'air', 'air', 'air', 'air', 'block', 'air', 'block'],
['block', 'air', 'block', 'block', 'air', 'air', 'air', 'air', 'air', 'air', 'air', 'air', 'air', 'block', 'air', 'air', 'block', 'block', 'air', 'air', 'air', 'block', 'air', 'air', 'block', 'air', 'air', 'air', 'air', 'air', 'air', 'air', 'air', 'air', 'air', 'air', 'air', 'air', 'air', 'block', 'block', 'air', 'block', 'block', 'air', 'block'],
['block', 'air', 'block', 'air', 'air', 'air', 'air', 'air', 'air', 'air', 'air', 'air', 'air', 'air', 'air', 'air', 'block', 'air', 'air', 'air', 'air', 'air', 'air', 'air', 'air', 'air', 'air', 'air', 'air', 'air', 'block', 'air', 'air', 'air', 'air', 'air', 'air', 'air', 'air', 'air', 'air', 'air', 'air', 'block', 'air', 'block'],
['block', 'air', 'block', 'air', 'air', 'air', 'air', 'block', 'air', 'air', 'block', 'air', 'block', 'air', 'air', 'air', 'air', 'air', 'block', 'air', 'air', 'air', 'air', 'air', 'air', 'air', 'air', 'air', 'air', 'air', 'air', 'air', 'air', 'block', 'air', 'air', 'air', 'air', 'air', 'air', 'air', 'air', 'air', 'block', 'air', 'block'],
['block', 'air', 'block', 'air', 'air', 'air', 'air', 'air', 'air', 'air', 'air', 'air', 'air', 'air', 'air', 'air', 'air', 'air', 'air', 'air', 'air', 'air', 'block', 'air', 'air', 'air', 'air', 'air', 'air', 'air', 'air', 'air', 'air', 'air', 'air', 'air', 'air', 'air', 'air', 'block', 'air', 'air', 'air', 'block', 'air', 'block'],
['block', 'air', 'block', 'air', 'air', 'air', 'block', 'air', 'air', 'air', 'air', 'air', 'air', 'air', 'air', 'air', 'air', 'air', 'block', 'block', 'air', 'air', 'air', 'air', 'air', 'air', 'air', 'air', 'air', 'air', 'air', 'air', 'air', 'air', 'air', 'air', 'air', 'air', 'air', 'air', 'air', 'air', 'air', 'block', 'air', 'block'],
['block', 'air', 'block', 'air', 'air', 'block', 'air', 'block', 'air', 'air', 'block', 'air', 'air', 'air', 'air', 'air', 'air', 'block', 'air', 'air', 'air', 'block', 'air', 'air', 'air', 'air', 'air', 'air', 'block', 'air', 'air', 'air', 'air', 'block', 'air', 'air', 'air', 'air', 'air', 'air', 'air', 'air', 'air', 'block', 'air', 'block'],
['block', 'air', 'block', 'air', 'air', 'air', 'air', 'air', 'air', 'air', 'air', 'air', 'air', 'air', 'air', 'air', 'block', 'air', 'air', 'air', 'air', 'block', 'air', 'air', 'air', 'air', 'block', 'block', 'air', 'air', 'air', 'air', 'air', 'air', 'air', 'air', 'air', 'air', 'air', 'air', 'air', 'air', 'air', 'block', 'air', 'block'],
['block', 'air', 'block', 'air', 'block', 'air', 'air', 'air', 'air', 'air', 'air', 'air', 'air', 'air', 'air', 'block', 'block', 'block', 'block', 'block', 'air', 'air', 'air', 'air', 'air', 'air', 'air', 'air', 'air', 'air', 'air', 'air', 'air', 'block', 'air', 'air', 'air', 'block', 'air', 'air', 'air', 'air', 'air', 'block', 'air', 'block'],
['block', 'air', 'block', 'air', 'air', 'air', 'air', 'air', 'air', 'block', 'air', 'block', 'air', 'air', 'block', 'air', 'air', 'block', 'air', 'air', 'air', 'air', 'air', 'air', 'air', 'air', 'block', 'air', 'air', 'air', 'air', 'air', 'air', 'air', 'air', 'air', 'air', 'air', 'block', 'air', 'air', 'air', 'air', 'block', 'air', 'block'],
['block', 'air', 'block', 'air', 'air', 'air', 'air', 'air', 'air', 'air', 'air', 'air', 'air', 'air', 'air', 'air', 'air', 'air', 'air', 'air', 'air', 'air', 'block', 'air', 'air', 'air', 'air', 'air', 'air', 'air', 'air', 'block', 'air', 'air', 'block', 'air', 'air', 'block', 'air', 'air', 'air', 'air', 'air', 'block', 'air', 'block'],
['block', 'air', 'block', 'air', 'air', 'air', 'air', 'air', 'block', 'air', 'air', 'block', 'air', 'air', 'air', 'air', 'air', 'air', 'air', 'air', 'air', 'air', 'air', 'air', 'air', 'air', 'air', 'air', 'air', 'air', 'air', 'air', 'air', 'air', 'air', 'air', 'air', 'air', 'air', 'air', 'block', 'air', 'air', 'block', 'air', 'block'],
['block', 'air', 'block', 'air', 'air', 'air', 'air', 'block', 'air', 'air', 'air', 'air', 'air', 'air', 'air', 'air', 'air', 'air', 'air', 'air', 'air', 'block', 'air', 'air', 'air', 'air', 'air', 'air', 'air', 'air', 'air', 'air', 'block', 'block', 'air', 'air', 'air', 'air', 'air', 'air', 'air', 'block', 'air', 'block', 'air', 'block'],
['block', 'air', 'block', 'air', 'air', 'air', 'air', 'air', 'air', 'block', 'air', 'air', 'air', 'block', 'block', 'air', 'block', 'air', 'air', 'air', 'air', 'air', 'block', 'air', 'block', 'air', 'block', 'air', 'air', 'block', 'block', 'air', 'air', 'air', 'air', 'air', 'air', 'block', 'air', 'air', 'air', 'block', 'air', 'block', 'air', 'block'],
['block', 'air', 'block', 'air', 'air', 'air', 'air', 'air', 'air', 'air', 'air', 'air', 'air', 'air', 'block', 'air', 'air', 'air', 'air', 'air', 'air', 'block', 'air', 'air', 'air', 'air', 'air', 'air', 'air', 'block', 'air', 'block', 'air', 'air', 'air', 'air', 'air', 'air', 'air', 'air', 'air', 'air', 'air', 'block', 'air', 'block'],
['block', 'air', 'block', 'air', 'block', 'air', 'block', 'air', 'block', 'air', 'air', 'air', 'air', 'air', 'block', 'air', 'air', 'air', 'air', 'air', 'air', 'air', 'air', 'air', 'block', 'air', 'air', 'air', 'air', 'block', 'air', 'block', 'air', 'block', 'air', 'air', 'air', 'air', 'air', 'air', 'air', 'air', 'block', 'block', 'air', 'block'],
['block', 'air', 'block', 'air', 'air', 'air', 'air', 'air', 'air', 'air', 'block', 'air', 'air', 'air', 'air', 'block', 'air', 'air', 'air', 'air', 'block', 'air', 'air', 'block', 'air', 'air', 'air', 'air', 'block', 'air', 'air', 'air', 'air', 'air', 'air', 'block', 'air', 'block', 'air', 'air', 'block', 'air', 'air', 'block', 'air', 'block'],
['block', 'air', 'block', 'air', 'block', 'air', 'block', 'air', 'air', 'air', 'air', 'air', 'air', 'air', 'air', 'air', 'block', 'block', 'air', 'air', 'air', 'air', 'air', 'block', 'air', 'air', 'air', 'air', 'air', 'air', 'air', 'air', 'air', 'block', 'air', 'air', 'air', 'air', 'air', 'air', 'air', 'air', 'block', 'block', 'air', 'block'],
['block', 'air', 'block', 'air', 'air', 'air', 'air', 'air', 'air', 'air', 'air', 'air', 'air', 'block', 'air', 'air', 'air', 'air', 'air', 'air', 'air', 'air', 'air', 'air', 'air', 'air', 'block', 'air', 'air', 'air', 'block', 'air', 'air', 'air', 'block', 'air', 'air', 'air', 'air', 'air', 'air', 'air', 'air', 'block', 'air', 'block'],
['block', 'air', 'block', 'air', 'air', 'air', 'block', 'air', 'air', 'air', 'air', 'air', 'air', 'air', 'air', 'block', 'block', 'air', 'air', 'air', 'air', 'air', 'air', 'air', 'air', 'air', 'air', 'air', 'air', 'air', 'air', 'air', 'block', 'block', 'block', 'air', 'air', 'air', 'air', 'block', 'air', 'air', 'air', 'block', 'air', 'block'],
['block', 'air', 'block', 'air', 'air', 'block', 'block', 'air', 'air', 'air', 'air', 'air', 'air', 'air', 'block', 'block', 'block', 'air', 'air', 'air', 'air', 'air', 'air', 'air', 'air', 'block', 'block', 'block', 'air', 'air', 'air', 'air', 'block', 'air', 'air', 'air', 'air', 'air', 'air', 'air', 'air', 'air', 'air', 'block', 'air', 'block'],
['block', 'air', 'block', 'block', 'block', 'block', 'air', 'air', 'air', 'air', 'air', 'air', 'air', 'air', 'air', 'air', 'air', 'block', 'air', 'air', 'air', 'air', 'air', 'air', 'air', 'block', 'air', 'air', 'air', 'air', 'air', 'air', 'block', 'air', 'air', 'air', 'air', 'air', 'air', 'air', 'air', 'air', 'air', 'block', 'air', 'block'],
['block', 'air', 'block', 'air', 'air', 'block', 'air', 'air', 'block', 'air', 'air', 'air', 'block', 'air', 'air', 'block', 'air', 'air', 'air', 'block', 'air', 'air', 'block', 'air', 'air', 'air', 'air', 'air', 'air', 'air', 'air', 'air', 'air', 'block', 'air', 'air', 'block', 'air', 'air', 'air', 'air', 'air', 'air', 'block', 'air', 'block'],
['block', 'air', 'block', 'air', 'air', 'air', 'air', 'air', 'block', 'air', 'air', 'air', 'block', 'air', 'air', 'air', 'air', 'air', 'air', 'air', 'air', 'block', 'air', 'air', 'air', 'air', 'block', 'block', 'air', 'air', 'air', 'air', 'air', 'air', 'air', 'air', 'air', 'block', 'block', 'air', 'air', 'air', 'block', 'block', 'air', 'block'],
['block', 'air', 'block', 'air', 'block', 'air', 'air', 'air', 'air', 'air', 'air', 'air', 'air', 'air', 'air', 'air', 'air', 'air', 'block', 'air', 'air', 'air', 'air', 'air', 'air', 'air', 'block', 'air', 'air', 'air', 'block', 'air', 'air', 'air', 'air', 'air', 'air', 'air', 'air', 'air', 'air', 'air', 'air', 'block', 'air', 'block'],
['block', 'air', 'block', 'air', 'air', 'air', 'block', 'air', 'air', 'air', 'block', 'air', 'air', 'air', 'block', 'air', 'block', 'air', 'air', 'block', 'air', 'air', 'block', 'air', 'air', 'air', 'block', 'air', 'air', 'air', 'air', 'air', 'block', 'block', 'air', 'air', 'air', 'air', 'air', 'air', 'air', 'air', 'air', 'block', 'air', 'block'],
['block', 'air', 'block', 'block', 'air', 'block', 'air', 'air', 'air', 'block', 'block', 'air', 'air', 'block', 'air', 'air', 'air', 'block', 'block', 'block', 'air', 'block', 'air', 'air', 'air', 'air', 'air', 'air', 'block', 'air', 'air', 'air', 'air', 'air', 'air', 'air', 'air', 'air', 'air', 'air', 'air', 'air', 'air', 'block', 'air', 'block'],
['block', 'air', 'block', 'air', 'air', 'air', 'air', 'air', 'air', 'air', 'block', 'air', 'air', 'air', 'block', 'air', 'block', 'air', 'air', 'air', 'air', 'air', 'air', 'air', 'air', 'air', 'air', 'air', 'block', 'air', 'air', 'air', 'block', 'air', 'air', 'air', 'air', 'air', 'air', 'air', 'block', 'block', 'air', 'block', 'air', 'block'],
['block', 'air', 'block', 'air', 'air', 'air', 'air', 'air', 'air', 'block', 'air', 'block', 'air', 'air', 'block', 'air', 'air', 'air', 'air', 'air', 'air', 'block', 'air', 'air', 'block', 'air', 'air', 'air', 'air', 'block', 'air', 'block', 'air', 'air', 'block', 'air', 'air', 'block', 'air', 'air', 'air', 'block', 'air', 'block', 'air', 'block'],
['block', 'air', 'block', 'air', 'air', 'air', 'air', 'air', 'air', 'block', 'block', 'air', 'air', 'air', 'air', 'air', 'air', 'air', 'air', 'air', 'air', 'air', 'air', 'air', 'air', 'air', 'air', 'block', 'air', 'air', 'air', 'air', 'air', 'block', 'air', 'air', 'air', 'air', 'air', 'air', 'air', 'block', 'air', 'block', 'air', 'block'],
['block', 'air', 'block', 'air', 'block', 'air', 'air', 'air', 'air', 'air', 'air', 'air', 'air', 'air', 'air', 'air', 'air', 'air', 'air', 'air', 'air', 'air', 'air', 'block', 'block', 'air', 'air', 'air', 'block', 'block', 'air', 'air', 'block', 'air', 'air', 'air', 'block', 'air', 'air', 'air', 'air', 'air', 'air', 'block', 'air', 'block'],
['block', 'air', 'block', 'air', 'air', 'air', 'block', 'air', 'air', 'air', 'air', 'air', 'air', 'air', 'air', 'block', 'air', 'air', 'air', 'air', 'air', 'air', 'air', 'air', 'air', 'air', 'air', 'air', 'air', 'air', 'air', 'block', 'block', 'air', 'air', 'air', 'air', 'air', 'air', 'block', 'air', 'air', 'air', 'block', 'air', 'block'],
['block', 'air', 'block', 'air', 'air', 'air', 'air', 'air', 'air', 'air', 'air', 'air', 'air', 'air', 'air', 'air', 'air', 'air', 'air', 'block', 'air', 'air', 'block', 'air', 'air', 'air', 'air', 'block', 'air', 'air', 'air', 'air', 'air', 'air', 'block', 'air', 'air', 'air', 'air', 'air', 'air', 'air', 'air', 'block', 'air', 'block'],
['block', 'air', 'block', 'air', 'air', 'air', 'air', 'air', 'air', 'air', 'air', 'air', 'air', 'air', 'air', 'air', 'air', 'air', 'air', 'air', 'air', 'air', 'air', 'block', 'air', 'air', 'air', 'air', 'block', 'air', 'air', 'air', 'air', 'air', 'block', 'air', 'air', 'block', 'air', 'air', 'air', 'air', 'block', 'block', 'air', 'block'],
['block', 'air', 'block', 'air', 'air', 'air', 'block', 'air', 'air', 'air', 'air', 'air', 'block', 'air', 'air', 'air', 'air', 'air', 'air', 'block', 'block', 'air', 'air', 'air', 'air', 'block', 'air', 'air', 'block', 'block', 'air', 'air', 'air', 'block', 'air', 'air', 'air', 'air', 'air', 'air', 'air', 'air', 'air', 'block', 'air', 'block'],
['block', 'air', 'block', 'air', 'block', 'air', 'air', 'air', 'air', 'air', 'air', 'air', 'air', 'air', 'air', 'block', 'air', 'air', 'air', 'air', 'air', 'air', 'air', 'air', 'air', 'air', 'block', 'air', 'air', 'air', 'air', 'block', 'air', 'air', 'air', 'air', 'air', 'air', 'block', 'air', 'block', 'air', 'air', 'block', 'air', 'block'],
['block', 'air', 'block', 'air', 'air', 'air', 'air', 'air', 'air', 'air', 'air', 'block', 'air', 'air', 'air', 'air', 'block', 'air', 'air', 'air', 'air', 'air', 'air', 'air', 'air', 'air', 'air', 'air', 'air', 'air', 'block', 'air', 'air', 'air', 'block', 'air', 'air', 'air', 'air', 'air', 'air', 'block', 'block', 'block', 'air', 'block'],
['block', 'air', 'block', 'air', 'air', 'block', 'air', 'block', 'air', 'air', 'air', 'air', 'air', 'air', 'block', 'air', 'air', 'block', 'block', 'air', 'air', 'air', 'air', 'air', 'air', 'block', 'block', 'block', 'air', 'air', 'air', 'block', 'air', 'air', 'air', 'block', 'air', 'air', 'air', 'air', 'air', 'air', 'air', 'block', 'air', 'block'],
['block', 'air', 'block', 'air', 'air', 'air', 'air', 'air', 'air', 'block', 'air', 'air', 'air', 'air', 'air', 'air', 'air', 'air', 'block', 'air', 'air', 'air', 'air', 'air', 'air', 'air', 'air', 'air', 'air', 'air', 'air', 'air', 'air', 'block', 'air', 'air', 'air', 'air', 'block', 'air', 'air', 'air', 'air', 'block', 'air', 'block'],
['block', 'air', 'air', 'air', 'block', 'air', 'air', 'air', 'air', 'air', 'air', 'block', 'block', 'air', 'air', 'air', 'air', 'air', 'block', 'block', 'air', 'air', 'air', 'air', 'air', 'air', 'air', 'air', 'air', 'air', 'air', 'air', 'block', 'block', 'air', 'air', 'air', 'air', 'air', 'air', 'air', 'air', 'air', 'air', 'air', 'block'],
['block', 'air', 'air', 'block', 'air', 'block', 'block', 'block', 'air', 'air', 'block', 'air', 'air', 'air', 'air', 'air', 'air', 'air', 'block', 'air', 'block', 'air', 'block', 'air', 'air', 'air', 'air', 'air', 'air', 'air', 'air', 'air', 'block', 'block', 'air', 'air', 'block', 'air', 'air', 'air', 'air', 'air', 'air', 'air', 'air', 'block'],
['block', 'air', 'air', 'air', 'block', 'air', 'block', 'air', 'block', 'air', 'air', 'air', 'air', 'air', 'air', 'air', 'block', 'air', 'air', 'air', 'air', 'block', 'air', 'air', 'air', 'air', 'air', 'air', 'air', 'air', 'air', 'air', 'air', 'air', 'air', 'air', 'air', 'air', 'block', 'air', 'air', 'air', 'air', 'air', 'air', 'block'],
['block', 'air', 'air', 'air', 'air', 'air', 'air', 'block', 'air', 'air', 'block', 'air', 'air', 'air', 'air', 'air', 'air', 'air', 'air', 'air', 'air', 'air', 'air', 'block', 'air', 'air', 'air', 'air', 'air', 'air', 'air', 'air', 'block', 'block', 'air', 'air', 'air', 'air', 'air', 'air', 'air', 'air', 'air', 'air', 'air', 'block'],
['block', 'block', 'block', 'block', 'air', 'air', 'air', 'air', 'air', 'air', 'block', 'air', 'air', 'air', 'air', 'air', 'air', 'air', 'air', 'air', 'block', 'air', 'air', 'air', 'air', 'air', 'block', 'air', 'air', 'block', 'air', 'block', 'block', 'air', 'air', 'air', 'block', 'block', 'air', 'air', 'air', 'air', 'block', 'block', 'block', 'block'],
['block', 'air', 'block', 'air', 'block', 'air', 'block', 'air', 'block', 'block', 'air', 'air', 'air', 'block', 'air', 'air', 'air', 'air', 'air', 'air', 'air', 'air', 'air', 'air', 'air', 'block', 'air', 'block', 'air', 'air', 'block', 'air', 'air', 'air', 'air', 'air', 'block', 'air', 'air', 'air', 'air', 'air', 'block', 'block', 'air', 'block'],
['block', 'air', 'block', 'air', 'air', 'air', 'air', 'air', 'air', 'air', 'air', 'air', 'air', 'air', 'air', 'air', 'air', 'block', 'air', 'air', 'block', 'air', 'air', 'block', 'air', 'air', 'air', 'air', 'air', 'air', 'air', 'air', 'block', 'air', 'air', 'air', 'air', 'block', 'air', 'block', 'air', 'air', 'air', 'block', 'air', 'block'],
['block', 'trap', 'trap', 'trap', 'trap', 'trap', 'trap', 'trap', 'trap', 'trap', 'trap', 'trap', 'trap', 'trap', 'trap', 'trap', 'trap', 'trap', 'trap', 'trap', 'trap', 'trap', 'trap', 'trap', 'trap', 'trap', 'trap', 'trap', 'trap', 'trap', 'trap', 'trap', 'trap', 'trap', 'trap', 'trap', 'trap', 'trap', 'trap', 'trap', 'trap', 'trap', 'trap', 'trap', 'trap', 'block'],
['block', 'block', 'block', 'block', 'block', 'block', 'block', 'block', 'block', 'block', 'block', 'block', 'block', 'block', 'block', 'block', 'block', 'block', 'block', 'block', 'block', 'block', 'block', 'block', 'block', 'block', 'block', 'block', 'block', 'block', 'block', 'block', 'block', 'block', 'block', 'block', 'block', 'block', 'block', 'block', 'block', 'block', 'block', 'block', 'block', 'block'],
